// Jest Snapshot v1, https://goo.gl/fbAQLP

exports[`Loader should render default ui 1`] = `
initialize {
  "0": Object {
    "attribs": Object {
      "class": "icon icon-os-search-role",
    },
    "children": Array [
      Object {
        "attribs": Object {
          "aria-hidden": "true",
          "height": "1em",
          "viewBox": "0 0 20 21",
          "width": "1em",
        },
        "children": Array [
          Object {
            "attribs": Object {},
            "children": Array [
              Object {
                "attribs": Object {
                  "d": "M15.61 11.22c2.4107 0 4.39 1.951 4.39 4.3717a4.4127 4.4127 0 0 1-1.2844 3.1186A4.3759 4.3759 0 0 1 15.61 20c-2.4464 0-4.39-1.951-4.39-4.3717 0-2.4207 1.9428-4.4083 4.39-4.4083zM2.6224 13.6858l6.086 3.2011c.1979.1086.4617.1628.7916.1628.2114 0 .3957-.0223.5529-.0668a5.6276 5.6276 0 0 0 1.1821 2.3322l-.9433.5017c-.198.1085-.4618.1628-.7917.1628-.3299 0-.5937-.0543-.7917-.1628l-8.362-4.449C.1156 15.2591 0 15.1235 0 14.9607c0-.1627.1155-.2984.3464-.4069.8906-.5064 1.4348-.8139 1.6328-.9224.1649-.1085.3793-.0904.6432.0543zm12.388-.4599c-.9994 0-1.7987.8001-1.7987 1.8004a1.794 1.794 0 0 0 .5245 1.2754 1.79 1.79 0 0 0 1.2742.525c.333 0 .633-.1.8993-.2665l1.3324 1.3006c.1.067.2.1333.3331.1333a.4418.4418 0 0 0 .4331-.4336.5124.5124 0 0 0-.1331-.3334l-1.3324-1.3006c.1662-.2665.2662-.5667.2662-.9002 0-1.0003-.7993-1.8004-1.7986-1.8004zm0 .8664c.5 0 .8993.4004.8993.9002 0 .4999-.4.9002-.8993.9002a.896.896 0 0 1-.8994-.9002c0-.4998.4-.9002.8994-.9002zM2.6224 9.3645l6.086 3.2358c.1979.1079.4617.1618.7916.1618.3299 0 .5937-.054.7917-.1618l.7202-.3828c-.7057.957-1.12 2.1404-1.12 3.4163v-.0122a1.4989 1.4989 0 0 1-.3919.0528c-.2639 0-.5278-.072-.7917-.2157l-8.362-4.3684C.1156 10.9824 0 10.8386 0 10.6588c0-.1798.1155-.3236.3464-.4314.8906-.4674 1.4348-.755 1.6328-.863.1979-.1437.4123-.1437.6432 0zM9.5 1.9295c.3299 0 .5937.051.7917.1531l8.362 4.1841c.2308.102.3463.2296.3463.3827 0 .153-.1155.2806-.3464.3827l-8.362 4.184c-.1979.1021-.4617.1531-.7916.1531-.3299 0-.5937-.051-.7917-.153L.3463 7.032C.1156 6.93 0 6.8025 0 6.6494c0-.153.1155-.2806.3464-.3827l8.362-4.184c.1979-.1021.4617-.1531.7916-.1531zm7.4219 7.381l1.7317.9169c.231.1078.3464.2516.3464.4314 0 .1003-.0359.1893-.1077.2672A5.7082 5.7082 0 0 0 15.61 9.8919c-.0782 0-.156.0015-.2334.0046.6804-.3617 1.0468-.557 1.1-.586.1649-.0719.3133-.0719.4453 0z",
                  "id": "os-search-role_svg__a",
                },
                "children": Array [],
                "name": "path",
                "namespace": "http://www.w3.org/2000/svg",
                "next": null,
                "parent": [Circular],
                "prev": null,
                "type": "tag",
                "x-attribsNamespace": Object {
                  "d": undefined,
                  "id": undefined,
                },
                "x-attribsPrefix": Object {
                  "d": undefined,
                  "id": undefined,
                },
              },
            ],
            "name": "defs",
            "namespace": "http://www.w3.org/2000/svg",
            "next": Object {
              "attribs": Object {
                "fill-rule": "evenodd",
                "href": "#os-search-role_svg__a",
                "transform": "translate(0 .3276)",
              },
              "children": Array [],
              "name": "use",
              "namespace": "http://www.w3.org/2000/svg",
              "next": null,
              "parent": [Circular],
              "prev": [Circular],
              "type": "tag",
              "x-attribsNamespace": Object {
                "fill-rule": undefined,
                "href": "http://www.w3.org/1999/xlink",
                "transform": undefined,
              },
              "x-attribsPrefix": Object {
                "fill-rule": undefined,
                "href": "xlink",
                "transform": undefined,
              },
            },
            "parent": [Circular],
            "prev": null,
            "type": "tag",
            "x-attribsNamespace": Object {},
            "x-attribsPrefix": Object {},
          },
          Object {
            "attribs": Object {
              "fill-rule": "evenodd",
              "href": "#os-search-role_svg__a",
              "transform": "translate(0 .3276)",
            },
            "children": Array [],
            "name": "use",
            "namespace": "http://www.w3.org/2000/svg",
            "next": null,
            "parent": [Circular],
            "prev": Object {
              "attribs": Object {},
              "children": Array [
                Object {
                  "attribs": Object {
                    "d": "M15.61 11.22c2.4107 0 4.39 1.951 4.39 4.3717a4.4127 4.4127 0 0 1-1.2844 3.1186A4.3759 4.3759 0 0 1 15.61 20c-2.4464 0-4.39-1.951-4.39-4.3717 0-2.4207 1.9428-4.4083 4.39-4.4083zM2.6224 13.6858l6.086 3.2011c.1979.1086.4617.1628.7916.1628.2114 0 .3957-.0223.5529-.0668a5.6276 5.6276 0 0 0 1.1821 2.3322l-.9433.5017c-.198.1085-.4618.1628-.7917.1628-.3299 0-.5937-.0543-.7917-.1628l-8.362-4.449C.1156 15.2591 0 15.1235 0 14.9607c0-.1627.1155-.2984.3464-.4069.8906-.5064 1.4348-.8139 1.6328-.9224.1649-.1085.3793-.0904.6432.0543zm12.388-.4599c-.9994 0-1.7987.8001-1.7987 1.8004a1.794 1.794 0 0 0 .5245 1.2754 1.79 1.79 0 0 0 1.2742.525c.333 0 .633-.1.8993-.2665l1.3324 1.3006c.1.067.2.1333.3331.1333a.4418.4418 0 0 0 .4331-.4336.5124.5124 0 0 0-.1331-.3334l-1.3324-1.3006c.1662-.2665.2662-.5667.2662-.9002 0-1.0003-.7993-1.8004-1.7986-1.8004zm0 .8664c.5 0 .8993.4004.8993.9002 0 .4999-.4.9002-.8993.9002a.896.896 0 0 1-.8994-.9002c0-.4998.4-.9002.8994-.9002zM2.6224 9.3645l6.086 3.2358c.1979.1079.4617.1618.7916.1618.3299 0 .5937-.054.7917-.1618l.7202-.3828c-.7057.957-1.12 2.1404-1.12 3.4163v-.0122a1.4989 1.4989 0 0 1-.3919.0528c-.2639 0-.5278-.072-.7917-.2157l-8.362-4.3684C.1156 10.9824 0 10.8386 0 10.6588c0-.1798.1155-.3236.3464-.4314.8906-.4674 1.4348-.755 1.6328-.863.1979-.1437.4123-.1437.6432 0zM9.5 1.9295c.3299 0 .5937.051.7917.1531l8.362 4.1841c.2308.102.3463.2296.3463.3827 0 .153-.1155.2806-.3464.3827l-8.362 4.184c-.1979.1021-.4617.1531-.7916.1531-.3299 0-.5937-.051-.7917-.153L.3463 7.032C.1156 6.93 0 6.8025 0 6.6494c0-.153.1155-.2806.3464-.3827l8.362-4.184c.1979-.1021.4617-.1531.7916-.1531zm7.4219 7.381l1.7317.9169c.231.1078.3464.2516.3464.4314 0 .1003-.0359.1893-.1077.2672A5.7082 5.7082 0 0 0 15.61 9.8919c-.0782 0-.156.0015-.2334.0046.6804-.3617 1.0468-.557 1.1-.586.1649-.0719.3133-.0719.4453 0z",
                    "id": "os-search-role_svg__a",
                  },
                  "children": Array [],
                  "name": "path",
                  "namespace": "http://www.w3.org/2000/svg",
                  "next": null,
                  "parent": [Circular],
                  "prev": null,
                  "type": "tag",
                  "x-attribsNamespace": Object {
                    "d": undefined,
                    "id": undefined,
                  },
                  "x-attribsPrefix": Object {
                    "d": undefined,
                    "id": undefined,
                  },
                },
              ],
              "name": "defs",
              "namespace": "http://www.w3.org/2000/svg",
              "next": [Circular],
              "parent": [Circular],
              "prev": null,
              "type": "tag",
              "x-attribsNamespace": Object {},
              "x-attribsPrefix": Object {},
            },
            "type": "tag",
            "x-attribsNamespace": Object {
              "fill-rule": undefined,
              "href": "http://www.w3.org/1999/xlink",
              "transform": undefined,
            },
            "x-attribsPrefix": Object {
              "fill-rule": undefined,
              "href": "xlink",
              "transform": undefined,
            },
          },
        ],
        "name": "svg",
        "namespace": "http://www.w3.org/2000/svg",
        "next": null,
        "parent": [Circular],
        "prev": null,
        "type": "tag",
        "x-attribsNamespace": Object {
          "aria-hidden": undefined,
          "height": undefined,
          "viewBox": undefined,
          "width": undefined,
        },
        "x-attribsPrefix": Object {
          "aria-hidden": undefined,
          "height": undefined,
          "viewBox": undefined,
          "width": undefined,
        },
      },
    ],
    "name": "span",
    "namespace": "http://www.w3.org/1999/xhtml",
    "next": null,
    "parent": null,
    "prev": null,
    "root": Object {
      "attribs": Object {},
      "children": Array [
        [Circular],
      ],
      "name": "root",
      "namespace": "http://www.w3.org/1999/xhtml",
      "next": null,
      "parent": null,
      "prev": null,
      "type": "root",
      "x-attribsNamespace": Object {},
      "x-attribsPrefix": Object {},
    },
    "type": "tag",
    "x-attribsNamespace": Object {
      "class": undefined,
    },
    "x-attribsPrefix": Object {
      "class": undefined,
    },
  },
  "_root": [Circular],
  "length": 1,
  "options": Object {
    "decodeEntities": true,
    "normalizeWhitespace": false,
    "withDomLvl1": true,
    "xml": false,
  },
}
`;
